# serializer version: 1
# name: TestTraceAgentConsistency.test_agent_trajectory_snapshot
  '''
  Step 1: goto("http://shopping.example.com")
  Observation: http://shopping.example.com
  Step 2: click('a12')
  Observation: http://shopping.example.com/electronics
  Step 3: click('b45')
  Observation: http://shopping.example.com/electronics?sort=price_asc
  Step 4: fill('c78', "wireless headphones")
  Observation: http://shopping.example.com/electronics
  Step 5: keyboard_press("Enter")
  Observation: http://shopping.example.com/search?q=wireless
  Step 6: send_msg_to_user("The cheapest is USB-C Headphones at $12.99")
  Observation: 
  '''
# ---
# name: TestTraceAgentConsistency.test_human_trace_snapshot
  '''
  Step 1: goto("http://shopping.example.com")
  Observation: Navigate to "http://shopping.example.com"
  Step 2: click(link "Electronics")
  Observation: Click
  Step 3: click(button "Sort by: Price low to high")
  Observation: Click
  Step 4: fill(textbox "Search", "wireless headphones")
  Observation: Fill "wireless headphones"
  Step 5: keyboard_press("Enter")
  Observation: Press "Enter"
  '''
# ---
